// Jest Snapshot v1, https://goo.gl/fbAQLP

exports[`<App /> Test Should take snapshot 1`] = `
<p>
  Project driver
</p>
`;
